---
source: src/markdown/parser.rs
expression: md.ok().unwrap().1

---
{
  "type": "root",
  "children": [
    {
      "type": "heading",
      "depth": 1,
      "children": [
        {
          "type": "text",
          "value": "Header World",
          "position": null
        }
      ],
      "setext": false,
      "position": null
    }
  ],
  "position": null
}
